// Jest Snapshot v1, https://goo.gl/fbAQLP

exports[`AgGrid StatusRenderer component renders correctly 1`] = `<Fragment />`;
